#-----------------------------------------------------------
# Vivado v2020.2 (64-bit)
# SW Build 3064766 on Wed Nov 18 09:12:45 MST 2020
# IP Build 3064653 on Wed Nov 18 14:17:31 MST 2020
# Start of session at: Mon Jun 16 12:53:20 2025
# Process ID: 27524
# Current directory: C:/Xilinx_Travail/App3/Prob/S4_APP3/mips32_unicycle_reference
# Command line: vivado.exe -gui_launcher_event rodinguilauncherevent10824 C:\Xilinx_Travail\App3\Prob\S4_APP3\mips32_unicycle_reference\mips32_unicycle_reference.xpr
# Log file: C:/Xilinx_Travail/App3/Prob/S4_APP3/mips32_unicycle_reference/vivado.log
# Journal file: C:/Xilinx_Travail/App3/Prob/S4_APP3/mips32_unicycle_reference\vivado.jou
#-----------------------------------------------------------
start_gui
open_project C:/Xilinx_Travail/App3/Prob/S4_APP3/mips32_unicycle_reference/mips32_unicycle_reference.xpr
launch_simulation
launch_simulation
launch_simulation
launch_simulation
launch_simulation
launch_simulation
launch_simulation
launch_simulation
launch_simulation
launch_simulation
launch_simulation
launch_simulation
launch_simulation
open_wave_config C:/Xilinx_Travail/App3/Prob/S4_APP3/mips32_unicycle_reference/mips_unicycle_tb_behav.wcfg
source mips_unicycle_tb.tcl
close_sim
launch_simulation
launch_simulation
open_wave_config C:/Xilinx_Travail/App3/Prob/S4_APP3/mips32_unicycle_reference/mips_unicycle_tb_behav.wcfg
source mips_unicycle_tb.tcl
close_sim
launch_simulation
open_wave_config C:/Xilinx_Travail/App3/Prob/S4_APP3/mips32_unicycle_reference/mips_unicycle_tb_behav.wcfg
source mips_unicycle_tb.tcl
close_sim
launch_simulation
open_wave_config C:/Xilinx_Travail/App3/Prob/S4_APP3/mips32_unicycle_reference/mips_unicycle_tb_behav.wcfg
source mips_unicycle_tb.tcl
close_sim
launch_simulation
open_wave_config C:/Xilinx_Travail/App3/Prob/S4_APP3/mips32_unicycle_reference/mips_unicycle_tb_behav.wcfg
source mips_unicycle_tb.tcl
run 10000 us
relaunch_sim
close_sim
launch_simulation
open_wave_config C:/Xilinx_Travail/App3/Prob/S4_APP3/mips32_unicycle_reference/mips_unicycle_tb_behav.wcfg
source mips_unicycle_tb.tcl
run 10000 us
relaunch_sim
save_wave_config {C:/Xilinx_Travail/App3/Prob/S4_APP3/mips32_unicycle_reference/mips_unicycle_tb_behav.wcfg}
close_sim
launch_simulation
open_wave_config C:/Xilinx_Travail/App3/Prob/S4_APP3/mips32_unicycle_reference/mips_unicycle_tb_behav.wcfg
source mips_unicycle_tb.tcl
close_sim
launch_simulation
open_wave_config C:/Xilinx_Travail/App3/Prob/S4_APP3/mips32_unicycle_reference/mips_unicycle_tb_behav.wcfg
source mips_unicycle_tb.tcl
relaunch_sim
relaunch_sim
save_wave_config {C:/Xilinx_Travail/App3/Prob/S4_APP3/mips32_unicycle_reference/mips_unicycle_tb_behav.wcfg}
close_sim
launch_simulation
open_wave_config C:/Xilinx_Travail/App3/Prob/S4_APP3/mips32_unicycle_reference/mips_unicycle_tb_behav.wcfg
source mips_unicycle_tb.tcl
close_sim
launch_simulation
launch_simulation
launch_simulation
launch_simulation
launch_simulation
open_wave_config C:/Xilinx_Travail/App3/Prob/S4_APP3/mips32_unicycle_reference/mips_unicycle_tb_behav.wcfg
source mips_unicycle_tb.tcl
